src/components/ui/Button.tsx(3,28): error TS2307: Cannot find module 'react-native-linear-gradient' or its corresponding type declarations.
src/services/messaging.ts(210,32): error TS1323: Dynamic imports are only supported when the '--module' flag is set to 'es2020', 'es2022', 'esnext', 'commonjs', 'amd', 'system', 'umd', 'node16', or 'nodenext'.
src/services/messaging.ts(214,33): error TS1323: Dynamic imports are only supported when the '--module' flag is set to 'es2020', 'es2022', 'esnext', 'commonjs', 'amd', 'system', 'umd', 'node16', or 'nodenext'.
